lib/db.ts(880,7): error TS1068: Unexpected token. A constructor, method, accessor, or property was expected.
lib/db.ts(880,12): error TS1068: Unexpected token. A constructor, method, accessor, or property was expected.
lib/db.ts(885,5): error TS1128: Declaration or statement expected.
lib/db.ts(888,5): error TS1434: Unexpected keyword or identifier.
lib/db.ts(888,33): error TS1005: ',' expected.
lib/db.ts(888,42): error TS1005: ';' expected.
lib/db.ts(888,63): error TS1011: An element access expression should take an argument.
lib/db.ts(889,11): error TS1005: ':' expected.
lib/db.ts(893,51): error TS1005: ',' expected.
lib/db.ts(899,9): error TS1005: ',' expected.
lib/db.ts(899,21): error TS1005: ',' expected.
lib/db.ts(899,26): error TS1005: ';' expected.
lib/db.ts(899,27): error TS1128: Declaration or statement expected.
lib/db.ts(900,5): error TS1128: Declaration or statement expected.
lib/db.ts(902,5): error TS1434: Unexpected keyword or identifier.
lib/db.ts(902,29): error TS1005: ',' expected.
lib/db.ts(902,40): error TS1005: ';' expected.
lib/db.ts(903,11): error TS1005: ':' expected.
lib/db.ts(917,18): error TS1005: ',' expected.
lib/db.ts(923,9): error TS1005: ',' expected.
lib/db.ts(923,16): error TS1005: ':' expected.
lib/db.ts(923,32): error TS1005: ',' expected.
lib/db.ts(926,5): error TS1434: Unexpected keyword or identifier.
lib/db.ts(926,31): error TS1005: ',' expected.
lib/db.ts(926,40): error TS1005: ';' expected.
lib/db.ts(927,11): error TS1005: ':' expected.
lib/db.ts(930,25): error TS1005: ',' expected.
lib/db.ts(936,9): error TS1005: ',' expected.
lib/db.ts(936,16): error TS1005: ':' expected.
lib/db.ts(936,20): error TS1005: ',' expected.
lib/db.ts(939,5): error TS1434: Unexpected keyword or identifier.
lib/db.ts(939,31): error TS1005: ',' expected.
lib/db.ts(939,48): error TS1005: ',' expected.
lib/db.ts(939,66): error TS1005: ',' expected.
lib/db.ts(939,87): error TS1005: ';' expected.
lib/db.ts(940,11): error TS1005: ':' expected.
lib/db.ts(940,21): error TS1005: ',' expected.
lib/db.ts(940,47): error TS1005: '(' expected.
lib/db.ts(940,49): error TS1136: Property assignment expected.
lib/db.ts(961,5): error TS1128: Declaration or statement expected.
lib/db.ts(964,5): error TS1434: Unexpected keyword or identifier.
lib/db.ts(964,33): error TS1005: ',' expected.
lib/db.ts(964,42): error TS1005: ';' expected.
lib/db.ts(964,65): error TS1011: An element access expression should take an argument.
lib/db.ts(965,11): error TS1005: ':' expected.
lib/db.ts(969,50): error TS1005: ',' expected.
lib/db.ts(975,9): error TS1005: ',' expected.
lib/db.ts(975,16): error TS1005: ':' expected.
lib/db.ts(975,26): error TS1005: ',' expected.
lib/db.ts(978,5): error TS1434: Unexpected keyword or identifier.
lib/db.ts(978,31): error TS1005: ',' expected.
lib/db.ts(978,45): error TS1005: ',' expected.
lib/db.ts(978,65): error TS1005: ',' expected.
lib/db.ts(978,79): error TS1005: ',' expected.
lib/db.ts(978,92): error TS1005: ',' expected.
lib/db.ts(978,124): error TS1005: ';' expected.
lib/db.ts(979,11): error TS1005: ':' expected.
lib/db.ts(989,18): error TS1005: ',' expected.
lib/db.ts(995,9): error TS1005: ',' expected.
lib/db.ts(995,16): error TS1005: ':' expected.
lib/db.ts(995,20): error TS1005: ',' expected.
lib/db.ts(998,5): error TS1434: Unexpected keyword or identifier.
lib/db.ts(998,28): error TS1005: ',' expected.
lib/db.ts(998,37): error TS1005: ';' expected.
lib/db.ts(999,11): error TS1005: ':' expected.
lib/db.ts(1002,22): error TS1005: ',' expected.
lib/db.ts(1008,9): error TS1005: ',' expected.
lib/db.ts(1008,16): error TS1005: ':' expected.
lib/db.ts(1008,20): error TS1005: ',' expected.
lib/db.ts(1012,5): error TS1434: Unexpected keyword or identifier.
lib/db.ts(1012,33): error TS1005: ',' expected.
lib/db.ts(1012,42): error TS1005: ';' expected.
lib/db.ts(1012,65): error TS1011: An element access expression should take an argument.
lib/db.ts(1013,11): error TS1005: ':' expected.
lib/db.ts(1017,48): error TS1005: ',' expected.
lib/db.ts(1023,9): error TS1005: ',' expected.
lib/db.ts(1023,16): error TS1005: ':' expected.
lib/db.ts(1023,26): error TS1005: ',' expected.
lib/db.ts(1026,5): error TS1434: Unexpected keyword or identifier.
lib/db.ts(1026,31): error TS1005: ',' expected.
lib/db.ts(1026,45): error TS1005: ',' expected.
lib/db.ts(1026,65): error TS1005: ',' expected.
lib/db.ts(1026,79): error TS1005: ',' expected.
lib/db.ts(1026,92): error TS1005: ',' expected.
lib/db.ts(1026,107): error TS1005: ',' expected.
lib/db.ts(1026,121): error TS1005: ',' expected.
lib/db.ts(1026,146): error TS1005: ';' expected.
lib/db.ts(1027,11): error TS1005: ':' expected.
lib/db.ts(1039,18): error TS1005: ',' expected.
lib/db.ts(1045,9): error TS1005: ',' expected.
lib/db.ts(1045,16): error TS1005: ':' expected.
lib/db.ts(1045,20): error TS1005: ',' expected.
lib/db.ts(1048,5): error TS1434: Unexpected keyword or identifier.
lib/db.ts(1048,28): error TS1005: ',' expected.
lib/db.ts(1048,37): error TS1005: ';' expected.
lib/db.ts(1049,11): error TS1005: ':' expected.
lib/db.ts(1052,22): error TS1005: ',' expected.
lib/db.ts(1058,9): error TS1005: ',' expected.
lib/db.ts(1058,16): error TS1005: ':' expected.
lib/db.ts(1058,20): error TS1005: ',' expected.
lib/db.ts(1062,5): error TS1434: Unexpected keyword or identifier.
lib/db.ts(1062,33): error TS1005: ',' expected.
lib/db.ts(1062,42): error TS1005: ';' expected.
lib/db.ts(1062,65): error TS1011: An element access expression should take an argument.
lib/db.ts(1063,11): error TS1005: ':' expected.
lib/db.ts(1067,51): error TS1005: ',' expected.
lib/db.ts(1073,9): error TS1005: ',' expected.
lib/db.ts(1073,16): error TS1005: ':' expected.
lib/db.ts(1073,26): error TS1005: ',' expected.
lib/db.ts(1076,5): error TS1434: Unexpected keyword or identifier.
lib/db.ts(1076,31): error TS1005: ',' expected.
lib/db.ts(1076,45): error TS1005: ',' expected.
lib/db.ts(1076,65): error TS1005: ',' expected.
lib/db.ts(1076,80): error TS1005: ',' expected.
lib/db.ts(1076,102): error TS1005: ',' expected.
lib/db.ts(1076,120): error TS1005: ',' expected.
lib/db.ts(1076,144): error TS1005: ';' expected.
lib/db.ts(1077,11): error TS1005: ':' expected.
lib/db.ts(1088,18): error TS1005: ',' expected.
lib/db.ts(1094,9): error TS1005: ',' expected.
lib/db.ts(1094,16): error TS1005: ':' expected.
lib/db.ts(1094,20): error TS1005: ',' expected.
lib/db.ts(1097,5): error TS1434: Unexpected keyword or identifier.
lib/db.ts(1097,28): error TS1005: ',' expected.
lib/db.ts(1097,37): error TS1005: ';' expected.
lib/db.ts(1098,11): error TS1005: ':' expected.
lib/db.ts(1101,22): error TS1005: ',' expected.
lib/db.ts(1107,9): error TS1005: ',' expected.
lib/db.ts(1107,16): error TS1005: ':' expected.
lib/db.ts(1107,20): error TS1005: ',' expected.
lib/db.ts(1111,5): error TS1434: Unexpected keyword or identifier.
lib/db.ts(1111,34): error TS1005: ',' expected.
lib/db.ts(1111,43): error TS1005: ';' expected.
lib/db.ts(1112,11): error TS1005: ':' expected.
lib/db.ts(1116,18): error TS1005: ',' expected.
lib/db.ts(1118,14): error TS1005: ',' expected.
lib/db.ts(1118,22): error TS1005: ';' expected.
lib/db.ts(1120,5): error TS1128: Declaration or statement expected.
lib/db.ts(1122,5): error TS1434: Unexpected keyword or identifier.
lib/db.ts(1122,34): error TS1005: ',' expected.
lib/db.ts(1122,54): error TS1005: ',' expected.
lib/db.ts(1122,70): error TS1005: ';' expected.
lib/db.ts(1123,11): error TS1005: ':' expected.
lib/db.ts(1126,29): error TS1005: ',' expected.
lib/db.ts(1132,9): error TS1005: ',' expected.
lib/db.ts(1132,16): error TS1005: ':' expected.
lib/db.ts(1132,20): error TS1005: ',' expected.
lib/db.ts(1136,5): error TS1434: Unexpected keyword or identifier.
lib/db.ts(1136,34): error TS1005: ',' expected.
lib/db.ts(1136,43): error TS1005: ';' expected.
lib/db.ts(1136,68): error TS1011: An element access expression should take an argument.
lib/db.ts(1137,11): error TS1005: ':' expected.
lib/db.ts(1141,51): error TS1005: ',' expected.
lib/db.ts(1147,9): error TS1005: ',' expected.
lib/db.ts(1147,21): error TS1005: ',' expected.
lib/db.ts(1147,26): error TS1005: ';' expected.
lib/db.ts(1147,27): error TS1128: Declaration or statement expected.
lib/db.ts(1148,5): error TS1128: Declaration or statement expected.
lib/db.ts(1150,5): error TS1434: Unexpected keyword or identifier.
lib/db.ts(1150,44): error TS1005: ',' expected.
lib/db.ts(1150,53): error TS1005: ';' expected.
lib/db.ts(1151,11): error TS1005: ':' expected.
lib/db.ts(1155,30): error TS1005: ',' expected.
lib/db.ts(1161,9): error TS1005: ',' expected.
lib/db.ts(1161,16): error TS1005: ':' expected.
lib/db.ts(1161,26): error TS1005: ',' expected.
lib/db.ts(1164,5): error TS1434: Unexpected keyword or identifier.
lib/db.ts(1164,39): error TS1005: ',' expected.
lib/db.ts(1164,91): error TS1005: ';' expected.
lib/db.ts(1164,107): error TS1109: Expression expected.
lib/db.ts(1165,11): error TS1005: ':' expected.
lib/db.ts(1175,11): error TS1005: ',' expected.
lib/db.ts(1182,5): error TS1434: Unexpected keyword or identifier.
lib/db.ts(1182,34): error TS1005: ',' expected.
lib/db.ts(1182,43): error TS1005: ';' expected.
lib/db.ts(1183,11): error TS1005: ':' expected.
lib/db.ts(1186,22): error TS1005: ',' expected.
lib/db.ts(1192,9): error TS1005: ',' expected.
lib/db.ts(1192,16): error TS1005: ':' expected.
lib/db.ts(1192,20): error TS1005: ',' expected.
lib/db.ts(1195,5): error TS1434: Unexpected keyword or identifier.
lib/db.ts(1195,42): error TS1005: ',' expected.
lib/db.ts(1195,51): error TS1005: ';' expected.
lib/db.ts(1196,11): error TS1005: ':' expected.
lib/db.ts(1200,30): error TS1005: ',' expected.
lib/db.ts(1206,9): error TS1005: ',' expected.
lib/db.ts(1206,16): error TS1005: ':' expected.
lib/db.ts(1206,20): error TS1005: ',' expected.
lib/db.ts(1208,1): error TS1128: Declaration or statement expected.
